// Jest Snapshot v1, https://goo.gl/fbAQLP

exports[`Pruebas en <FirstApp/> Debe hacer match con el Snapshot 1`] = `
<div>
  <h1>
    Hola, Soy Goku
  </h1>
  <p>
    No hay Subtitulo1
  </p>
  <p>
    Yanni
  </p>
</div>
`;
