// Jest Snapshot v1, https://goo.gl/fbAQLP

exports[`Pruebas en <FirstApp/> Debe de hacer match con el Snapshot 1`] = `
<div>
  <div
    data-testid="test-title"
  >
    Hola, Soy Goku
  </div>
  <p>
    No hay Subtitulo
  </p>
  <p>
    Yanni
  </p>
</div>
`;
